2026-09-05 14:58:59,936 INFO tracing: tracing enabled -> http://localhost:6006 (project summarization-recall)
2026-09-05 14:59:21,746 INFO summ.pipeline: run_id=full-20260905T215921Z-d2a462 scope=full models=8 docs=60 samples=5
2026-09-05 14:59:21,748 INFO gen: 2384 generations to run (16 already present)
2026-09-05 14:59:53,366 INFO gen: 25/2384 done, 32s elapsed, $0.12 this run, 0 retries
2026-09-05 15:00:18,570 INFO gen: 50/2384 done, 57s elapsed, $0.23 this run, 0 retries
2026-09-05 15:00:40,500 INFO gen: 75/2384 done, 79s elapsed, $0.32 this run, 0 retries
2026-09-05 15:01:04,255 INFO gen: 100/2384 done, 103s elapsed, $0.46 this run, 0 retries
2026-09-05 15:01:29,342 INFO gen: 125/2384 done, 128s elapsed, $0.59 this run, 0 retries
2026-09-05 15:02:02,017 INFO gen: 150/2384 done, 160s elapsed, $0.76 this run, 0 retries
2026-09-05 15:02:29,291 INFO gen: 175/2384 done, 188s elapsed, $0.87 this run, 0 retries
2026-09-05 15:02:55,351 INFO gen: 200/2384 done, 214s elapsed, $0.97 this run, 0 retries
2026-09-05 15:03:19,604 INFO gen: 225/2384 done, 238s elapsed, $1.19 this run, 0 retries
2026-09-05 15:03:41,369 INFO gen: 250/2384 done, 260s elapsed, $1.28 this run, 0 retries
2026-09-05 15:04:09,079 INFO gen: 275/2384 done, 287s elapsed, $1.45 this run, 0 retries
2026-09-05 15:04:37,304 INFO gen: 300/2384 done, 316s elapsed, $1.56 this run, 0 retries
2026-09-05 15:05:02,228 INFO gen: 325/2384 done, 340s elapsed, $1.70 this run, 0 retries
2026-09-05 15:05:26,690 INFO gen: 350/2384 done, 365s elapsed, $1.82 this run, 0 retries
2026-09-05 15:05:47,471 INFO gen: 375/2384 done, 386s elapsed, $1.99 this run, 0 retries
2026-09-05 15:06:15,136 INFO gen: 400/2384 done, 413s elapsed, $2.10 this run, 0 retries
2026-09-05 15:06:44,190 INFO gen: 425/2384 done, 442s elapsed, $2.25 this run, 0 retries
2026-09-05 15:07:07,806 INFO gen: 450/2384 done, 466s elapsed, $2.43 this run, 0 retries
2026-09-05 15:07:32,743 INFO gen: 475/2384 done, 491s elapsed, $2.51 this run, 0 retries
2026-09-05 15:08:03,558 INFO gen: 500/2384 done, 522s elapsed, $2.65 this run, 0 retries
2026-09-05 15:08:28,222 INFO gen: 525/2384 done, 546s elapsed, $2.84 this run, 0 retries
2026-09-05 15:08:51,456 INFO gen: 550/2384 done, 570s elapsed, $2.99 this run, 0 retries
2026-09-05 15:09:16,249 INFO gen: 575/2384 done, 595s elapsed, $3.11 this run, 0 retries
2026-09-05 15:09:40,840 INFO gen: 600/2384 done, 619s elapsed, $3.21 this run, 0 retries
2026-09-05 15:10:01,775 INFO gen: 625/2384 done, 640s elapsed, $3.38 this run, 0 retries
2026-09-05 15:10:30,811 INFO gen: 650/2384 done, 669s elapsed, $3.49 this run, 0 retries
2026-09-05 15:10:57,239 INFO gen: 675/2384 done, 695s elapsed, $3.65 this run, 0 retries
2026-09-05 15:11:26,062 INFO gen: 700/2384 done, 724s elapsed, $3.74 this run, 0 retries
2026-09-05 15:11:45,354 INFO gen: 725/2384 done, 744s elapsed, $3.95 this run, 0 retries
2026-09-05 15:12:10,206 INFO gen: 750/2384 done, 768s elapsed, $4.09 this run, 0 retries
2026-09-05 15:12:43,237 INFO gen: 775/2384 done, 801s elapsed, $4.25 this run, 0 retries
2026-09-05 15:13:10,529 INFO gen: 800/2384 done, 829s elapsed, $4.39 this run, 0 retries
2026-09-05 15:13:35,645 INFO gen: 825/2384 done, 854s elapsed, $4.48 this run, 0 retries
2026-09-05 15:14:00,628 INFO gen: 850/2384 done, 879s elapsed, $4.74 this run, 0 retries
2026-09-05 15:14:25,781 INFO gen: 875/2384 done, 904s elapsed, $4.86 this run, 0 retries
2026-09-05 15:14:52,551 INFO gen: 900/2384 done, 931s elapsed, $4.97 this run, 0 retries
2026-09-05 15:15:17,337 INFO gen: 925/2384 done, 956s elapsed, $5.14 this run, 0 retries
2026-09-05 15:15:38,867 INFO gen: 950/2384 done, 977s elapsed, $5.28 this run, 0 retries
2026-09-05 15:16:09,889 INFO gen: 975/2384 done, 1008s elapsed, $5.43 this run, 0 retries
2026-09-05 15:16:37,465 INFO gen: 1000/2384 done, 1036s elapsed, $5.54 this run, 0 retries
2026-09-05 15:17:01,399 INFO gen: 1025/2384 done, 1060s elapsed, $5.72 this run, 0 retries
2026-09-05 15:17:20,953 INFO gen: 1050/2384 done, 1079s elapsed, $5.88 this run, 0 retries
2026-09-05 15:17:45,733 INFO gen: 1075/2384 done, 1104s elapsed, $6.02 this run, 0 retries
2026-09-05 15:18:08,038 INFO gen: 1100/2384 done, 1126s elapsed, $6.13 this run, 0 retries
2026-09-05 15:18:31,071 INFO gen: 1125/2384 done, 1149s elapsed, $6.29 this run, 0 retries
2026-09-05 15:18:53,419 INFO gen: 1150/2384 done, 1172s elapsed, $6.41 this run, 0 retries
2026-09-05 15:19:16,928 INFO gen: 1175/2384 done, 1195s elapsed, $6.54 this run, 0 retries
2026-09-05 15:19:48,058 INFO gen: 1200/2384 done, 1226s elapsed, $6.66 this run, 0 retries
2026-09-05 15:20:15,759 INFO gen: 1225/2384 done, 1254s elapsed, $6.80 this run, 0 retries
2026-09-05 15:20:39,018 INFO gen: 1250/2384 done, 1277s elapsed, $6.95 this run, 0 retries
2026-09-05 15:21:06,534 INFO gen: 1275/2384 done, 1305s elapsed, $7.09 this run, 0 retries
2026-09-05 15:21:33,569 INFO gen: 1300/2384 done, 1332s elapsed, $7.23 this run, 0 retries
2026-09-05 15:21:57,429 INFO gen: 1325/2384 done, 1356s elapsed, $7.34 this run, 0 retries
2026-09-05 15:22:20,586 INFO gen: 1350/2384 done, 1379s elapsed, $7.50 this run, 0 retries
2026-09-05 15:22:50,327 INFO gen: 1375/2384 done, 1409s elapsed, $7.64 this run, 0 retries
2026-09-05 15:23:12,673 INFO gen: 1400/2384 done, 1431s elapsed, $7.73 this run, 0 retries
2026-09-05 15:23:42,571 INFO gen: 1425/2384 done, 1461s elapsed, $7.84 this run, 0 retries
2026-09-05 15:24:07,532 INFO gen: 1450/2384 done, 1486s elapsed, $8.02 this run, 0 retries
2026-09-05 15:24:35,410 INFO gen: 1475/2384 done, 1514s elapsed, $8.19 this run, 0 retries
2026-09-05 15:25:02,494 INFO gen: 1500/2384 done, 1541s elapsed, $8.29 this run, 0 retries
2026-09-05 15:25:29,447 INFO gen: 1525/2384 done, 1568s elapsed, $8.49 this run, 0 retries
2026-09-05 15:25:56,659 INFO gen: 1550/2384 done, 1595s elapsed, $8.62 this run, 0 retries
2026-09-05 15:26:17,580 INFO gen: 1575/2384 done, 1616s elapsed, $8.73 this run, 0 retries
2026-09-05 15:26:42,492 INFO gen: 1600/2384 done, 1641s elapsed, $8.85 this run, 0 retries
2026-09-05 15:27:10,758 INFO gen: 1625/2384 done, 1669s elapsed, $8.98 this run, 0 retries
2026-09-05 15:27:43,625 INFO gen: 1650/2384 done, 1702s elapsed, $9.18 this run, 0 retries
2026-09-05 15:28:11,331 INFO gen: 1675/2384 done, 1730s elapsed, $9.31 this run, 0 retries
2026-09-05 15:28:39,279 INFO gen: 1700/2384 done, 1758s elapsed, $9.49 this run, 0 retries
2026-09-05 15:29:12,631 INFO gen: 1725/2384 done, 1791s elapsed, $9.67 this run, 0 retries
2026-09-05 15:29:43,748 INFO gen: 1750/2384 done, 1822s elapsed, $9.85 this run, 0 retries
2026-09-05 15:30:22,590 INFO gen: 1775/2384 done, 1861s elapsed, $10.05 this run, 0 retries
2026-09-05 15:31:09,802 INFO gen: 1800/2384 done, 1908s elapsed, $10.30 this run, 0 retries
2026-09-05 15:31:50,549 INFO gen: 1825/2384 done, 1949s elapsed, $10.56 this run, 0 retries
2026-09-05 15:32:28,577 INFO gen: 1850/2384 done, 1987s elapsed, $10.80 this run, 0 retries
2026-09-05 15:33:06,778 WARNING fireworks: retry 2026-09-05T15:33:06 model=accounts/fireworks/models/qwen3p8-max attempt=1 delay=1.3s reason=RateLimitError: Error code: 429 - {'error': {'object': 'error', 'type': 'invalid_request_error', 'code': 'invalid_request_error', 'message': 'rate limit exceeded, please try again later'}}
2026-09-05 15:33:07,613 WARNING fireworks: retry 2026-09-05T15:33:07 model=accounts/fireworks/models/qwen3p8-max attempt=1 delay=1.2s reason=RateLimitError: Error code: 429 - {'error': {'object': 'error', 'type': 'invalid_request_error', 'code': 'invalid_request_error', 'message': 'rate limit exceeded, please try again later'}}
2026-09-05 15:33:10,078 INFO gen: 1875/2384 done, 2028s elapsed, $11.12 this run, 2 retries
2026-09-05 15:33:54,213 INFO gen: 1900/2384 done, 2072s elapsed, $11.37 this run, 2 retries
2026-09-05 15:34:36,629 INFO gen: 1925/2384 done, 2115s elapsed, $11.69 this run, 2 retries
2026-09-05 15:35:29,548 INFO gen: 1950/2384 done, 2168s elapsed, $12.04 this run, 2 retries
2026-09-05 15:36:49,207 INFO gen: 1975/2384 done, 2247s elapsed, $12.51 this run, 2 retries
2026-09-05 15:37:56,594 INFO gen: 2000/2384 done, 2315s elapsed, $12.95 this run, 2 retries
2026-09-05 15:41:51,152 INFO gen: 2025/2384 done, 2549s elapsed, $13.60 this run, 2 retries
2026-09-05 15:45:44,939 INFO gen: 2050/2384 done, 2783s elapsed, $14.13 this run, 2 retries
2026-09-05 15:49:43,631 INFO gen: 2075/2384 done, 3022s elapsed, $14.76 this run, 2 retries
2026-09-05 15:53:57,098 INFO gen: 2100/2384 done, 3275s elapsed, $15.39 this run, 2 retries
2026-09-05 15:57:42,546 INFO gen: 2125/2384 done, 3501s elapsed, $15.95 this run, 2 retries
2026-09-05 16:01:18,827 INFO gen: 2150/2384 done, 3717s elapsed, $16.57 this run, 2 retries
2026-09-05 16:05:18,505 INFO gen: 2175/2384 done, 3957s elapsed, $17.24 this run, 2 retries
2026-09-05 16:09:18,568 INFO gen: 2200/2384 done, 4197s elapsed, $17.89 this run, 2 retries
2026-09-05 16:13:04,843 INFO gen: 2225/2384 done, 4423s elapsed, $18.54 this run, 2 retries
2026-09-05 16:16:51,540 INFO gen: 2250/2384 done, 4650s elapsed, $19.16 this run, 2 retries
