2026-09-08 22:30:38,724 INFO tb.pipeline: run_id=dry-20260909T053038Z-259863 scope=dry stage=1 jobs=528
2026-09-08 22:30:38,739 INFO gen: 0 generations to run (528 already present)
2026-09-08 22:30:38,757 INFO tb.pipeline: run_id=dry-20260909T053038Z-259863 scope=dry stage=2 jobs=47
2026-09-08 22:30:38,771 INFO gen: 39 generations to run (8 already present)
2026-09-08 22:31:47,326 INFO gen: 25/39 done, 69s elapsed, $0.06 this run, 0 retries
2026-09-08 22:33:30,186 INFO gen: 39/39 done, 171s elapsed, $0.21 this run, 0 retries

model                       calls errors len_trunc in_tok/call out_tok/call reas_tok/call   $/call $ this run
deepseek_v4_pro                 0      0         0           0            0             0   0.0000       0.00
qwen3_8_max                     0      0         0           0            0             0   0.0000       0.00
kimi_k3                         0      0         0           0            0             0   0.0000       0.00
glm_5_3                         0      0         0           0            0             0   0.0000       0.00
minimax_m3                      0      0         0           0            0             0   0.0000       0.00
gpt_oss_120b                    0      0         0           0            0             0   0.0000       0.00
nemotron_3_ultra                0      0         0           0            0             0   0.0000       0.00
nemotron_lightning_3_5          0      0         0           0            0             0   0.0000       0.00

model                       calls errors len_trunc in_tok/call out_tok/call reas_tok/call   $/call $ this run
deepseek_v4_pro                 5      0         0         236          286           169   0.0014       0.01
qwen3_8_max                     5      0         0         273          737           455   0.0050       0.02
kimi_k3                         5      0         0         492         1065           781   0.0174       0.09
glm_5_3                         4      0         0         441         2792          2160   0.0129       0.05
minimax_m3                      5      0         0         484          473            51   0.0007       0.00
gpt_oss_120b                    5      0         0         682         1319           116   0.0009       0.00
nemotron_3_ultra                5      0         0        1207         2157            82   0.0059       0.03
nemotron_lightning_3_5          5      0         0         379         1761          1107   0.0004       0.00

model                        rows   $/call  remaining  $ remaining  $ full run
deepseek_v4_pro                72   0.0012        792         0.95        1.04
qwen3_8_max                    72   0.0053        792         4.18        4.56
kimi_k3                        72   0.0131        792        10.38       11.33
glm_5_3                        71   0.0081        793         6.40        6.97
minimax_m3                     72   0.0007        792         0.55        0.60
gpt_oss_120b                   72   0.0007        792         0.55        0.60
nemotron_3_ultra               72   0.0035        792         2.80        3.05
nemotron_lightning_3_5         72   0.0003        792         0.28        0.30

Fireworks spent so far on this test: $2.36. Projected remaining: $26.09. Approval threshold: $50.
